---
source: tests/output_validation.rs
expression: json_str
---
{
  "ok": false,
  "engine": "postgres",
  "command": "connect",
  "error": {
    "code": "CONNECTION_FAILED",
    "message": "Connection failed: could not connect to server"
  },
  "meta": {
    "contract_version": "1",
    "execution_ms": 0
  }
}
