---
source: tests/output_validation.rs
expression: json_str
---
{
  "ok": false,
  "engine": "",
  "command": "connect",
  "error": {
    "code": "CONFIG_ERROR",
    "message": "Configuration error: connection 'prod' not found"
  },
  "meta": {
    "contract_version": "1",
    "execution_ms": 0
  }
}
